
> find-my-property@0.0.1 typecheck E:\client-projects\no-broker-replica\find-my-property
> tsc --noEmit

